Microsoft Windows [Version 10.0.19045.2486]
(c) Microsoft Corporation. All rights reserved.

C:\Users\Dell2-User>npm install -g firebase-tools
npm WARN deprecated uuid@3.4.0: Please upgrade  to version 7 or higher.  Older versions may use Math.random() in certain circumstances, which is known to be problematic.  See https://v8.dev/blog/math-random for details.
npm WARN deprecated request@2.88.2: request has been deprecated, see https://github.com/request/request/issues/3142
npm WARN deprecated debug@4.1.1: Debug versions >=3.2.0 <3.2.7 || >=4 <4.3.1 have a low-severity ReDos regression when used in a Node.js environment. It is recommended you upgrade to 3.2.7 or 4.3.1. (https://github.com/visionmedia/debug/issues/797)
npm WARN deprecated har-validator@5.1.3: this library is no longer supported

added 701 packages, and audited 702 packages in 1m

44 packages are looking for funding
  run `npm fund` for details

1 moderate severity vulnerability

To address all issues, run:
  npm audit fix

Run `npm audit` for details.
npm notice
npm notice New major version of npm available! 8.19.2 -> 9.4.1
npm notice Changelog: https://github.com/npm/cli/releases/tag/v9.4.1
npm notice Run npm install -g npm@9.4.1 to update!
npm notice

C:\Users\Dell2-User>mkdir
The syntax of the command is incorrect.

C:\Users\Dell2-User>mkdir firebase1

C:\Users\Dell2-User>cd firebase1

C:\Users\Dell2-User\firebase1>firebase login
i  Firebase optionally collects CLI and Emulator Suite usage and error reporting information to help improve our products. Data is collected in accordance with Google's privacy policy (https://policies.google.com/privacy) and is not used to identify you.

? Allow Firebase to collect CLI and Emulator Suite usage and error reporting information? Yes
i  To change your data collection preference at any time, run `firebase logout` and log in again.

Visit this URL on this device to log in:
https://accounts.google.com/o/oauth2/auth?client_id=563584335869-fgrhgmd47bqnekij5i8b5pr03ho849e6.apps.googleusercontent.com&scope=email%20openid%20https%3A%2F%2Fwww.googleapis.com%2Fauth%2Fcloudplatformprojects.readonly%20https%3A%2F%2Fwww.googleapis.com%2Fauth%2Ffirebase%20https%3A%2F%2Fwww.googleapis.com%2Fauth%2Fcloud-platform&response_type=code&state=704491493&redirect_uri=http%3A%2F%2Flocalhost%3A9005

Waiting for authentication...

+  Success! Logged in as joshua.kao@gmail.com

C:\Users\Dell2-User\firebase1>firebase init

     ######## #### ########  ######## ########     ###     ######  ########
     ##        ##  ##     ## ##       ##     ##  ##   ##  ##       ##
     ######    ##  ########  ######   ########  #########  ######  ######
     ##        ##  ##    ##  ##       ##     ## ##     ##       ## ##
     ##       #### ##     ## ######## ########  ##     ##  ######  ########

You're about to initialize a Firebase project in this directory:

  C:\Users\Dell2-User\firebase1

? Are you ready to proceed? Yes
? Which Firebase features do you want to set up for this directory? Press Space to select features, then Enter to confirm your choices. Hosting: Configure files for Firebase Hosting and (optionally) set up GitHub Action deploys

=== Project Setup

First, let's associate this project directory with a Firebase project.
You can create multiple project aliases by running firebase use --add,
but for now we'll just set up a default project.

? Please select an option: Use an existing project
? Select a default Firebase project for this directory: test-d7b60 (test)
i  Using project test-d7b60 (test)

=== Hosting Setup

Your public directory is the folder (relative to your project directory) that
will contain Hosting assets to be uploaded with firebase deploy. If you
have a build process for your assets, use your build's output directory.

? What do you want to use as your public directory? public
? Configure as a single-page app (rewrite all urls to /index.html)? Yes
? Set up automatic builds and deploys with GitHub? Yes
+  Wrote public/index.html

i  Didn't detect a .git folder. Assuming C:\Users\Dell2-User\firebase1 is the project root.
i  Authorizing with GitHub to upload your service account to a GitHub repository's secrets store.

Visit this URL on this device to log in:
https://github.com/login/oauth/authorize?client_id=89cf50f02ac6aaed3484&state=870061544&redirect_uri=http%3A%2F%2Flocalhost%3A9005&scope=read%3Auser%20repo%20public_repo

Waiting for authentication...

+  Success! Logged into GitHub as mrjoshkao

| For which GitHub repository would you like to set up a GitHub workflow? (format: user/repository) mrkaosha/firebase1

!  The provided authorization cannot be used with this repository. If this repository is in an organization, did you remember to grant access?

i  Action required: Visit this URL to ensure access has been granted to the appropriate organization(s) for the Firebase CLI GitHub OAuth App:
https://github.com/settings/connections/applications/89cf50f02ac6aaed3484

\ For which GitHub repository would you like to set up a GitHub workflow? (format: user/repository) mrkaosha/firebase1

!  The provided authorization cannot be used with this repository. If this repository is in an organization, did you remember to grant access?

i  Action required: Visit this URL to ensure access has been granted to the appropriate organization(s) for the Firebase CLI GitHub OAuth App:
https://github.com/settings/connections/applications/89cf50f02ac6aaed3484

? For which GitHub repository would you like to set up a GitHub workflow? (format: user/repository) mrkaosha/firebase1

+  Created service account github-action-598770733 with Firebase Hosting admin permissions.
+  Uploaded service account JSON to GitHub as secret FIREBASE_SERVICE_ACCOUNT_TEST_D7B60.
i  You can manage your secrets at https://github.com/mrkaosha/firebase1/settings/secrets.

? Set up the workflow to run a build script before every deploy? Yes
? What script should be run before every deploy? (npm ci && npm run build)
? What script should be run before every deploy? npm ci && npm run build

+  Created workflow file C:\Users\Dell2-User\firebase1\.github/workflows/firebase-hosting-pull-request.yml
? Set up automatic deployment to your site's live channel when a PR is merged? Yes
? What is the name of the GitHub branch associated with your site's live channel? master

+  Created workflow file C:\Users\Dell2-User\firebase1\.github/workflows/firebase-hosting-merge.yml

i  Action required: Visit this URL to revoke authorization for the Firebase CLI GitHub OAuth App:
https://github.com/settings/connections/applications/89cf50f02ac6aaed3484
i  Action required: Push any new workflow file(s) to your repo

i  Writing configuration info to firebase.json...
i  Writing project information to .firebaserc...
i  Writing gitignore file to .gitignore...

+  Firebase initialization complete!

C:\Users\Dell2-User\firebase1>firebase deploy

=== Deploying to 'test-d7b60'...

i  deploying hosting
i  hosting[test-d7b60]: beginning deploy...
i  hosting[test-d7b60]: found 1 files in public
+  hosting[test-d7b60]: file upload complete
i  hosting[test-d7b60]: finalizing version...
+  hosting[test-d7b60]: version finalized
i  hosting[test-d7b60]: releasing new version...
+  hosting[test-d7b60]: release complete

+  Deploy complete!

Project Console: https://console.firebase.google.com/project/test-d7b60/overview
Hosting URL: https://test-d7b60.web.app

C:\Users\Dell2-User\firebase1>